// Jest Snapshot v1, https://goo.gl/fbAQLP

exports[`AddProperty component component renders correctly 1`] = `
<DocumentFragment>
  <div
    class="add-property"
  >
    <p>
      Add Properties
    </p>
    <form
      class="add-property__form"
    >
      <label
        for="title"
      >
        Title
        <input
          class="add-property__form__field"
          id="title"
          name="title"
          placeholder="House for sale"
          value=""
        />
      </label>
      <label
        for="type"
      >
        Type
        <select
          class="add-property__form__field"
          id="type"
          name="type"
        >
          <option
            value="Flat"
          >
            Flat
          </option>
          <option
            value="Detached"
          >
            Detached
          </option>
          <option
            value="Semi-Detached"
          >
            Semi-Detached
          </option>
          <option
            value="Terraced"
          >
            Terraced
          </option>
          <option
            value="End of Terrace"
          >
            End of Terrace
          </option>
          <option
            value="Cottage"
          >
            Cottage
          </option>
          <option
            value="Bungalow"
          >
            Bungalow
          </option>
        </select>
      </label>
      <label
        for="bedrooms"
      >
        Bedrooms
        <input
          class="add-property__form__field"
          id="bedrooms"
          max="20"
          min="0"
          name="bedrooms"
          placeholder="4"
          type="number"
        />
      </label>
      <label
        for="bathrooms"
      >
        Bathroom
        <input
          class="add-property__form__field"
          id="bathrooms"
          max="15"
          min="0"
          name="bathrooms"
          placeholder="1"
          type="number"
        />
      </label>
      <label
        for="price"
      >
        Price
        <input
          class="add-property__form__field"
          id="price"
          min="0"
          name="price"
          type="number"
          value="0"
        />
      </label>
      <label
        for="city"
      >
        City
        <select
          class="add-property__form__field"
          id="city"
          name="city"
        >
          <option
            value="Manchester"
          >
            Manchester
          </option>
          <option
            value="Leeds"
          >
            Leeds
          </option>
          <option
            value="Sheffield"
          >
            Sheffield
          </option>
          <option
            value="Liverpool"
          >
            Liverpool
          </option>
        </select>
      </label>
      <label
        for="email"
      >
        Email
        <input
          class="add-property__form__field"
          id="email"
          name="email"
          placeholder="hello@email.com"
          type="email"
        />
      </label>
      <div
        class="add-property__form__button"
      >
        <button
          type="submit"
        >
          Add
        </button>
      </div>
    </form>
  </div>
</DocumentFragment>
`;
