// Jest Snapshot v1, https://goo.gl/fbAQLP

exports[`component renders correctly 1`] = `
<DocumentFragment>
  <div
    class="App"
  >
    <div
      class="navbar"
    >
      <ul>
        <li
          class="navbar-logo"
          data-testid="logo"
        >
          üè†
        </li>
        <li>
          <a
            class="navbar-links"
            href="/"
          >
            View Properties
          </a>
        </li>
        <li>
          <a
            class="navbar-links"
            href="/add-property"
          >
            Add a property
          </a>
        </li>
      </ul>
    </div>
    <h1>
      Surreal Estate
    </h1>
    <div
      class="properties"
    />
  </div>
</DocumentFragment>
`;
