// Jest Snapshot v1, https://goo.gl/fbAQLP

exports[`NavBar NavBar renders correctly 1`] = `
<DocumentFragment>
  <div
    class="navbar"
  >
    <ul>
      <li
        class="navbar-logo"
      >
        üè†
      </li>
      <li>
        <p
          class="navbar-links"
        >
          View Properties
        </p>
      </li>
      <li>
        <p
          class="navbar-links"
        >
          Add a property
        </p>
      </li>
    </ul>
  </div>
</DocumentFragment>
`;
