// Jest Snapshot v1, https://goo.gl/fbAQLP

exports[`Properties Component component renders correctly 1`] = `
<DocumentFragment>
  <div
    class="properties"
  />
</DocumentFragment>
`;
